// Jest Snapshot v1, https://goo.gl/fbAQLP

exports[`Tests in GifApp component Should render propertly 1`] = `
<div
  className="gif-app"
>
  <h2
    className="gif-app__title"
  >
    Gif App
  </h2>
  <AddCategory
    setCategories={[Function]}
  />
  <GifContainer
    category="Welcome"
    key="Welcome"
  />
</div>
`;
